### Scenario 5: real 'git commit' is blocked by the pre-commit hook due to the breaking change
$ git add api/openapi.yaml
$ git commit -m 'test: attempt to commit a breaking API change (should be blocked)'
== pre-commit: task structure:validate ==
task: [structure:validate] ./scripts/validate-structure.sh
== Required root files ==
== Required component AGENTS.md ==
== Required component Taskfile.yml ==
== Required skills ==
== Required root ADRs ==
== Required component ADRs ==
== Required verification docs ==

Repository structure: OK

== pre-commit: task policies:validate ==
task: [policies:boundaries] ./scripts/check-component-boundaries.sh
== Component boundary scan ==
OK: no forbidden cross-component source references found.
task: [policies:dependencies] python3 scripts/check-dependency-governance.py
== Dependency governance summary ==
service:
  - github.com/getkin/kin-openapi  [OK]
  - github.com/oapi-codegen/runtime  [OK]
web: (no direct third-party dependencies)

OK: all direct dependencies are allow-listed.
task: [policies:containers] ./scripts/check-container-quality.sh
== Container/deployment quality checks ==
OK (service/Dockerfile): runs as non-root user 'pulse'.
OK (web/Dockerfile): runs as non-root user 'nginx'.

-- secrets scan (Compose + Helm) --
OK: no secret-like literal values found in Compose/Helm files.

OK: container/deployment quality checks passed.

== pre-commit: task api:breaking-changes ==
task: [api:breaking-changes] TOOL="oasdiff" OASDIFF_IMAGE="tufin/oasdiff:v1.31.0" OPENAPI_CHANGES_IMAGE="pb33f/openapi-changes:v0.2.11" ./scripts/check-api-breaking-changes.sh 
== api:breaking-changes — comparing 'origin/main' (target mainline branch (no upstream configured for this branch)) -> working tree ==
tool: oasdiff
1 changes: 1 error, 0 warning, 0 info
error	[api-path-removed-without-deprecation] at /old/old-openapi.yaml
	in API POST /services/{id}/check
		api path removed without deprecation


task: Failed to run task "api:breaking-changes": exit status 1
EXIT=1
